To honour the JVM settings for this build a single-use Daemon process will be forked. For more on this, please refer to https://docs.gradle.org/8.7/userguide/gradle_daemon.html#sec:disabling_the_daemon in the Gradle documentation.
Daemon will be stopped at the end of the build 
> Task :buildSrc:compileJava UP-TO-DATE
> Task :buildSrc:compileGroovy NO-SOURCE
> Task :buildSrc:processResources NO-SOURCE
> Task :buildSrc:classes UP-TO-DATE
> Task :buildSrc:jar UP-TO-DATE

> Configure project :
[Unimined] Plugin Version: 1.2.9
[Unimined/MinecraftDownloader] retrieving version metadata
[Unimined/MinecraftDownloader] retrieving launcher metadata
[Unimined] Plugin Version: 1.2.9
[Unimined/MinecraftDownloader] retrieving version metadata
[Unimined/MinecraftDownloader] retrieving launcher metadata
[Unimined] Plugin Version: 1.2.9
[Unimined/MinecraftDownloader] retrieving version metadata
[Unimined/MinecraftDownloader] retrieving launcher metadata
[Unimined/Minecraft ::main] Applying minecraft config for source set 'main'
[Unimined/Minecraft ::main] Applying NoTransformMinecraftTransformer
[Unimined/Minecraft ::main] Applying run configs
[Unimined/ModRemapper] Remapping mods from official/official to mojmap/official
[Unimined/ModRemapper] No mods found for remapping

> Configure project :fabric
[Unimined/Minecraft :fabric:main] Applying minecraft config for source set 'main'
[Unimined/Minecraft :fabric:main] Applying AccessWidenerMinecraftTransformer
[Unimined/MappingsProvider] Resolving mappings for source set 'main'
[Unimined/MappingsProvider] Mapping tree initialized, official -> [mojmap, intermediary]
[Unimined/Minecraft :fabric:main] Applying run configs
[Unimined/ModRemapper] Remapping mods from intermediary/intermediary to mojmap/official
[Unimined/ModRemapper] No mods found for remapping
[Unimined/Fabric] Generating intermediary classpath.
[Unimined/Runs] Applying runs
[Unimined/FabricLike] Non-fabric ::api found in fabric classpath groups, merging with current (:fabric:main), this should've been manually specified with `combineWith`
[Unimined/FabricLike] Non-fabric ::launch found in fabric classpath groups, merging with current (:fabric:main), this should've been manually specified with `combineWith`
[Unimined/FabricLike] Non-fabric ::main found in fabric classpath groups, merging with current (:fabric:main), this should've been manually specified with `combineWith`

> Configure project :tweaker
[Unimined/Minecraft :tweaker:main] Applying minecraft config for source set 'main'
[Unimined/Minecraft :tweaker:main] Applying NoTransformMinecraftTransformer
[Unimined/Minecraft :tweaker:main] Applying run configs
[Unimined/ModRemapper] Remapping mods from official/official to mojmap/official
[Unimined/ModRemapper] No mods found for remapping
[Unimined/Runs] Applying runs

> Task :compileApiJava UP-TO-DATE
> Task :processApiResources NO-SOURCE
> Task :apiClasses UP-TO-DATE
> Task :compileSchematica_apiJava UP-TO-DATE
> Task :processSchematica_apiResources NO-SOURCE
> Task :schematica_apiClasses UP-TO-DATE
> Task :compileJava UP-TO-DATE
> Task :processResources NO-SOURCE
> Task :classes UP-TO-DATE
> Task :compileLaunchJava UP-TO-DATE
> Task :processLaunchResources UP-TO-DATE
> Task :launchClasses UP-TO-DATE
> Task :fabric:compileJava UP-TO-DATE
> Task :fabric:processResources UP-TO-DATE
> Task :fabric:classes UP-TO-DATE
> Task :fabric:jar UP-TO-DATE
> Task :fabric:shadowJar UP-TO-DATE
> Task :fabric:remapJar UP-TO-DATE

Deprecated Gradle features were used in this build, making it incompatible with Gradle 9.0.

You can use '--warning-mode all' to show the individual deprecation warnings and determine if they come from your own scripts or plugins.

For more on this, please refer to https://docs.gradle.org/8.7/userguide/command_line_interface.html#sec:command_line_warnings in the Gradle documentation.

BUILD SUCCESSFUL in 13s
12 actionable tasks: 12 up-to-date
